............................FF....                                       [100%]
=================================== FAILURES ===================================
_ test_successor_preserves_identifier_utf8_and_binds_protected_coordinates[predecessor] _

predecessor = 'predecessor'

    @pytest.mark.parametrize("predecessor", ["predecessor", "révision:α"])
    def test_successor_preserves_identifier_utf8_and_binds_protected_coordinates(predecessor):
        head = ObservationLedgerHead(schema_version=1, repository_id="repo", activation_digest="a" * 64,
            sequence=1, observation_revision=predecessor, last_delta_id="delta", last_delta_digest="b" * 64,
            last_entry_digest="c" * 64, head_digest="d" * 64)
        parts = [b"memorii.observation-ledger.revision.v1", b"repo", b"a" * 64, predecessor.encode("utf-8"), b"e" * 64]
        expected = sha256(b"".join(len(part).to_bytes(8, "big") + part for part in parts)).hexdigest()
        assert observation_successor_revision(head, repository_id="repo", activation_digest="a" * 64, payload_digest="e" * 64) == expected
        with pytest.raises(ObservationActivationRuntimeError):
            observation_successor_revision(head, repository_id="other", activation_digest="a" * 64, payload_digest="e" * 64)
        with pytest.raises(ObservationActivationRuntimeError):
            observation_successor_revision(head, repository_id="repo", activation_digest="b" * 64, payload_digest="e" * 64)
        with pytest.raises(ObservationActivationRuntimeError):
>           observation_successor_revision(head.model_copy(update={"observation_revision": chr(0xD800)}), repository_id="repo", activation_digest="a" * 64, payload_digest="e" * 64)

tests/integration/test_observation_ledger_artifacts.py:145: 
_ _ _ _ _ _ _ _ _ _ _ _ _ _ _ _ _ _ _ _ _ _ _ _ _ _ _ _ _ _ _ _ _ _ _ _ _ _ _ _ 

head = ObservationLedgerHead(schema_version=1, repository_id='repo', activation_digest='aaaaaaaaaaaaaaaaaaaaaaaaaaaaaaaaaaaaa...ccccccccccccccccccccccccccccccccccccc', head_digest='dddddddddddddddddddddddddddddddddddddddddddddddddddddddddddddddd')

    def observation_successor_revision(
        head: ObservationLedgerHead, *, repository_id: str, activation_digest: str,
        payload_digest: str,
    ) -> str:
>       head = ObservationLedgerHead.model_validate(head.model_dump(mode="python"))
               ^^^^^^^^^^^^^^^^^^^^^^^^^^^^^^^^^^^^^^^^^^^^^^^^^^^^^^^^^^^^^^^^^^^^
E       pydantic_core._pydantic_core.ValidationError: 1 validation error for ObservationLedgerHead
E       observation_revision
E         Input should be a valid string, unable to parse raw data as a unicode string [type=string_unicode, input_value='\ud800', input_type=str]
E           For further information visit https://errors.pydantic.dev/2.13/v/string_unicode

memorii/core/memory_evolution/observation_activation_runtime.py:213: ValidationError
_ test_successor_preserves_identifier_utf8_and_binds_protected_coordinates[r\xe9vision:\u03b1] _

predecessor = 'révision:α'

    @pytest.mark.parametrize("predecessor", ["predecessor", "révision:α"])
    def test_successor_preserves_identifier_utf8_and_binds_protected_coordinates(predecessor):
        head = ObservationLedgerHead(schema_version=1, repository_id="repo", activation_digest="a" * 64,
            sequence=1, observation_revision=predecessor, last_delta_id="delta", last_delta_digest="b" * 64,
            last_entry_digest="c" * 64, head_digest="d" * 64)
        parts = [b"memorii.observation-ledger.revision.v1", b"repo", b"a" * 64, predecessor.encode("utf-8"), b"e" * 64]
        expected = sha256(b"".join(len(part).to_bytes(8, "big") + part for part in parts)).hexdigest()
        assert observation_successor_revision(head, repository_id="repo", activation_digest="a" * 64, payload_digest="e" * 64) == expected
        with pytest.raises(ObservationActivationRuntimeError):
            observation_successor_revision(head, repository_id="other", activation_digest="a" * 64, payload_digest="e" * 64)
        with pytest.raises(ObservationActivationRuntimeError):
            observation_successor_revision(head, repository_id="repo", activation_digest="b" * 64, payload_digest="e" * 64)
        with pytest.raises(ObservationActivationRuntimeError):
>           observation_successor_revision(head.model_copy(update={"observation_revision": chr(0xD800)}), repository_id="repo", activation_digest="a" * 64, payload_digest="e" * 64)

tests/integration/test_observation_ledger_artifacts.py:145: 
_ _ _ _ _ _ _ _ _ _ _ _ _ _ _ _ _ _ _ _ _ _ _ _ _ _ _ _ _ _ _ _ _ _ _ _ _ _ _ _ 

head = ObservationLedgerHead(schema_version=1, repository_id='repo', activation_digest='aaaaaaaaaaaaaaaaaaaaaaaaaaaaaaaaaaaaa...ccccccccccccccccccccccccccccccccccccc', head_digest='dddddddddddddddddddddddddddddddddddddddddddddddddddddddddddddddd')

    def observation_successor_revision(
        head: ObservationLedgerHead, *, repository_id: str, activation_digest: str,
        payload_digest: str,
    ) -> str:
>       head = ObservationLedgerHead.model_validate(head.model_dump(mode="python"))
               ^^^^^^^^^^^^^^^^^^^^^^^^^^^^^^^^^^^^^^^^^^^^^^^^^^^^^^^^^^^^^^^^^^^^
E       pydantic_core._pydantic_core.ValidationError: 1 validation error for ObservationLedgerHead
E       observation_revision
E         Input should be a valid string, unable to parse raw data as a unicode string [type=string_unicode, input_value='\ud800', input_type=str]
E           For further information visit https://errors.pydantic.dev/2.13/v/string_unicode

memorii/core/memory_evolution/observation_activation_runtime.py:213: ValidationError
============================= slowest 10 durations =============================
91.32s call     tests/integration/test_observation_ledger_activation.py::test_public_drain_preserves_live_operation_and_rejects_new_old_epoch_work
16.92s call     tests/integration/test_observation_ledger_activation.py::test_public_activation_preserves_captured_jsonl_history_bytes
16.86s call     tests/integration/test_observation_ledger_activation.py::test_public_concurrent_activation_recovers_winning_jsonl_cutover[_begin_observation_ledger_drain]
16.75s call     tests/integration/test_observation_ledger_activation.py::test_public_activation_recovers_jsonl_failure_before_or_after_commit[True]
16.61s call     tests/integration/test_observation_ledger_activation.py::test_public_concurrent_activation_recovers_winning_jsonl_cutover[_activate_observation_ledger]
16.45s call     tests/integration/test_observation_ledger_activation.py::test_public_activation_recovers_jsonl_failure_before_or_after_commit[False]
10.90s call     tests/integration/test_observation_terminal_intent.py::test_versioned_terminal_request_roundtrips_and_omits_other_source_grammar[3]
10.50s call     tests/integration/test_observation_terminal_intent.py::test_versioned_terminal_request_roundtrips_and_omits_other_source_grammar[2]
6.64s call     tests/integration/test_observation_ledger_activation.py::test_provider_activation_is_explicit_and_revalidates_configured_authority
6.15s call     tests/integration/test_observation_ledger_activation.py::test_activation_validates_retained_native_terminal_closure[False]
=========================== short test summary info ============================
FAILED tests/integration/test_observation_ledger_artifacts.py::test_successor_preserves_identifier_utf8_and_binds_protected_coordinates[predecessor]
FAILED tests/integration/test_observation_ledger_artifacts.py::test_successor_preserves_identifier_utf8_and_binds_protected_coordinates[r\xe9vision:\u03b1]
2 failed, 32 passed in 231.19s (0:03:51)
