I001 [*] Import block is un-sorted or un-formatted
  --> tests/integration/test_observation_ledger_artifacts.py:1:1
   |
 1 | / from __future__ import annotations
 2 | |
 3 | | from hashlib import sha256
 4 | |
 5 | | import pytest
 6 | | from pydantic import ValidationError
 7 | | from memorii.core.memory_evolution.observation_activation_runtime import (
 8 | |     ObservationActivationRuntimeError,
 9 | |     emit_registered_observation_artifact,
10 | |     observation_successor_revision,
11 | | )
12 | | from memorii.core.memory_evolution.observation_ledger_contracts import (
13 | |     ObservationLedgerActivation,
14 | |     ObservationLedgerHead,
15 | | )
16 | | from tests.unit.core.memory_evolution.test_typed_value_artifact_integrity import _publication
   | |_____________________________________________________________________________________________^
   |
help: Organize imports

Found 1 error.
[*] 1 fixable with the `--fix` option.
