============================= test session starts ==============================
platform darwin -- Python 3.12.14, pytest-9.0.3, pluggy-1.6.0
rootdir: /Users/nandaraghunathan/Code/Memorii/Memorii/memorii
configfile: pyproject.toml
plugins: xdist-3.8.0, anyio-4.13.0
collected 533 items

tests/unit/core/benchmark/test_lifecycle_decision.py .........           [  1%]
tests/unit/core/benchmark/test_long_horizon_multilingual.py ...          [  2%]
tests/unit/core/benchmark/test_memory_evolution_oracle.py .              [  2%]
tests/unit/core/benchmark/test_memory_evolution_runtime_alignment.py ... [  3%]
............                                                             [  5%]
tests/unit/core/benchmark/test_memory_evolution_sim_decision_contract.py . [  5%]
.....                                                                    [  6%]
tests/unit/core/benchmark/test_memory_evolution_sim_judge_contracts.py . [  6%]
...................                                                      [ 10%]
tests/unit/core/benchmark/test_memory_evolution_sim_long_horizon.py ...  [ 10%]
tests/unit/core/benchmark/test_memory_evolution_sim_provider_replays.py . [ 10%]
                                                                         [ 10%]
tests/unit/core/benchmark/test_memory_evolution_sim_visible_output_validation.py . [ 11%]
.............                                                            [ 13%]
tests/unit/core/benchmark/test_memory_lifecycle_v1.py ...                [ 14%]
tests/unit/core/semantic_ingestion/test_bootstrap_graph_coordinator.py . [ 14%]
                                                                         [ 14%]
tests/unit/core/semantic_ingestion/test_bootstrap_graph_coordinator_v3.py . [ 14%]
..................                                                       [ 17%]
tests/unit/core/semantic_ingestion/test_bootstrap_graph_source_progress_contracts.py . [ 18%]
....                                                                     [ 18%]
tests/unit/core/semantic_ingestion/test_bootstrap_recovery_replay_v3.py . [ 18%]
...                                                                      [ 19%]
tests/unit/core/semantic_ingestion/test_bootstrap_text_preparation_producer.py . [ 19%]
......                                                                   [ 20%]
tests/unit/core/semantic_ingestion/test_canonical_evidence_arena.py .... [ 21%]
..........................................................               [ 32%]
tests/unit/core/semantic_ingestion/test_prepared_source_parent_closure.py . [ 32%]
...........                                                              [ 34%]
tests/unit/core/semantic_ingestion/test_semantic_atomic_store.py ....... [ 36%]
.....................                                                    [ 39%]
tests/unit/core/semantic_ingestion/test_source_normalization_authority_contracts.py . [ 40%]
..                                                                       [ 40%]
tests/unit/core/test_attribution_judge.py ..                             [ 40%]
tests/unit/core/test_candidate_committed_distinction.py .                [ 41%]
tests/unit/core/test_conflict_attention_provider_service.py ............ [ 43%]
.....................                                                    [ 47%]
tests/unit/core/test_decision_state.py ..........                        [ 49%]
tests/unit/core/test_filesystem_storage_bundle.py ..........             [ 51%]
tests/unit/core/test_llm_eval_modes.py ..............                    [ 53%]
tests/unit/core/test_llm_eval_runner.py ..................               [ 57%]
tests/unit/core/test_llm_trace_policy.py .......                         [ 58%]
tests/unit/core/test_memory_directory.py ..                              [ 58%]
tests/unit/core/test_memory_evolution_atomicity.py ....                  [ 59%]
tests/unit/core/test_memory_evolution_temporal.py ...................... [ 63%]
.........................................                                [ 71%]
tests/unit/core/test_memory_plane_judge.py ...                           [ 71%]
tests/unit/core/test_memory_plane_store_contract.py ................     [ 74%]
tests/unit/core/test_memory_plane_visibility.py ....                     [ 75%]
tests/unit/core/test_next_step_engine.py .......................         [ 79%]
tests/unit/core/test_promotion_golden_v1.py ................             [ 82%]
tests/unit/core/test_recall_state_bundle.py ..........                   [ 84%]
tests/unit/core/test_resume_service.py .                                 [ 84%]
tests/unit/core/test_runtime_step_service.py ..........................  [ 89%]
tests/unit/core/test_temporal_validity_judge.py ...                      [ 90%]
tests/unit/test_execution_solver_event_schemas.py ...                    [ 90%]
tests/unit/tools/test_bootstrap_graph_transaction_selector.py .......... [ 92%]
.                                                                        [ 93%]
tests/unit/tools/test_memory_evolution_artifacts.py .                    [ 93%]
tests/unit/tools/test_run_benchmark_lifecycle.py ........                [ 94%]
tests/unit/tools/test_run_benchmark_runtime.py .                         [ 94%]
tests/unit/tools/test_run_benchmark_sim.py .....                         [ 95%]
tests/unit/tools/test_run_live_llm_eval.py ................              [ 98%]
tests/unit/tools/test_scenario_cleanroom_b_import_boundary.py ..         [ 99%]
tests/unit/tools/test_semantic_ingestion_traceability_evidence.py ....   [100%]

======================= 533 passed in 887.84s (0:14:47) ========================
{"collected": 3550, "counts": [17, 533, 840, 697, 858, 605], "default_duration": 0.009, "estimated_seconds": [601.629, 583.978, 583.977, 583.977, 583.978, 583.977], "measured": 3485, "target_seconds": 720.0}
