============================= test session starts ==============================
platform darwin -- Python 3.12.14, pytest-9.0.3, pluggy-1.6.0
rootdir: /Users/nandaraghunathan/Code/Memorii/Memorii/memorii
configfile: pyproject.toml
plugins: xdist-3.8.0, anyio-4.13.0
collected 858 items

tests/unit/core/benchmark/test_harness.py ...                            [  0%]
tests/unit/core/benchmark/test_hotpotqa.py ....                          [  0%]
tests/unit/core/benchmark/test_memory_evolution_architecture.py ........ [  1%]
...........................                                              [  4%]
tests/unit/core/benchmark/test_memory_evolution_runtime_ingestion_replay.py . [  5%]
....                                                                     [  5%]
tests/unit/core/benchmark/test_memory_evolution_sim_claim_policy.py .... [  5%]
.................                                                        [  7%]
tests/unit/core/benchmark/test_memory_evolution_sim_latent_schema.py ... [  8%]
........                                                                 [  9%]
tests/unit/core/benchmark/test_memory_evolution_sim_outcomes.py .......  [ 10%]
tests/unit/core/benchmark/test_semantic_attempt_artifacts.py ..          [ 10%]
tests/unit/core/memory_evolution/test_source_normalization_publication_coordinate.py . [ 10%]
.............                                                            [ 11%]
tests/unit/core/semantic_ingestion/test_bootstrap_graph_artifact_assembler.py . [ 12%]
.....                                                                    [ 12%]
tests/unit/core/semantic_ingestion/test_bootstrap_route_contracts.py ... [ 12%]
...                                                                      [ 13%]
tests/unit/core/semantic_ingestion/test_bootstrap_v3_native_lane_contracts.py . [ 13%]
.                                                                        [ 13%]
tests/unit/core/semantic_ingestion/test_bootstrap_v3_payload_contracts.py . [ 13%]
.                                                                        [ 13%]
tests/unit/core/semantic_ingestion/test_duckling_temporal_adapter.py ... [ 14%]
....s                                                                    [ 14%]
tests/unit/core/semantic_ingestion/test_execution_lineage_models.py .... [ 15%]
.................                                                        [ 17%]
tests/unit/core/semantic_ingestion/test_plan_lineage_contracts.py ...... [ 17%]
........                                                                 [ 18%]
tests/unit/core/semantic_ingestion/test_prompt_and_egress_authority.py . [ 18%]
...                                                                      [ 19%]
tests/unit/core/semantic_ingestion/test_semantic_writer_admission.py ... [ 19%]
........................................................................ [ 27%]
......................................................................   [ 36%]
tests/unit/core/semantic_ingestion/test_transaction_group_plan_repository.py . [ 36%]
...                                                                      [ 36%]
tests/unit/core/test_belief_update_provider.py ...........               [ 37%]
tests/unit/core/test_calibration.py ................                     [ 39%]
tests/unit/core/test_env_config.py ...........                           [ 41%]
tests/unit/core/test_judge_artifacts.py ....                             [ 41%]
tests/unit/core/test_llm_config.py ..........................            [ 44%]
tests/unit/core/test_llm_provider_factory.py .....                       [ 45%]
tests/unit/core/test_memory_evolution_retrieval.py ..................... [ 47%]
....................                                                     [ 49%]
tests/unit/core/test_memory_router.py ......                             [ 50%]
tests/unit/core/test_multilingual_memory_evolution.py ...                [ 50%]
tests/unit/core/test_promotion_provider.py ............                  [ 52%]
tests/unit/core/test_replay_service.py .                                 [ 52%]
tests/unit/core/test_solver_verifier.py ....                             [ 52%]
tests/unit/core/test_work_state_bindings.py ......                       [ 53%]
tests/unit/stores/test_event_log_store.py ...                            [ 53%]
tests/unit/test_enums_and_ids.py ..                                      [ 54%]
tests/unit/test_memory_object_schema.py .                                [ 54%]
tests/unit/tools/test_equal_version_replay_decision.py ................. [ 56%]
.............                                                            [ 57%]
tests/unit/tools/test_generation_admission_caps.py ..................... [ 60%]
....                                                                     [ 60%]
tests/unit/tools/test_memory_evolution_semantic_repair_integration.py .. [ 60%]
                                                                         [ 60%]
tests/unit/tools/test_run_benchmark_execution_graph.py ....              [ 61%]
tests/unit/tools/test_run_benchmark_hotpotqa_official.py .....           [ 62%]
tests/unit/tools/test_run_benchmark_runtime_plumbing.py ......           [ 62%]
tests/unit/tools/test_run_eval.py ..................                     [ 64%]
tests/unit/tools/test_scenario_public_ingress_runner.py ...........      [ 66%]
tests/unit/tools/test_semantic_ingestion_ctv_reference_compiler.py ..... [ 66%]
........................................................................ [ 75%]
........................................................................ [ 83%]
........................................................................ [ 91%]
......................................                                   [ 96%]
tests/unit/tools/test_semantic_ingestion_release_persistence.py ........ [ 97%]
..........                                                               [ 98%]
tests/unit/tools/test_traceability_registry_loader_parity.py .....       [ 98%]
tests/unit/tools/test_traceability_release_ctv_adapter.py .........      [100%]

================== 857 passed, 1 skipped in 804.14s (0:13:24) ==================
{"collected": 3550, "counts": [17, 533, 840, 697, 858, 605], "default_duration": 0.009, "estimated_seconds": [601.629, 583.978, 583.977, 583.977, 583.978, 583.977], "measured": 3485, "target_seconds": 720.0}
