============================= test session starts ==============================
platform darwin -- Python 3.12.14, pytest-9.0.3, pluggy-1.6.0
rootdir: /Users/nandaraghunathan/Code/Memorii/Memorii/memorii
configfile: pyproject.toml
plugins: xdist-3.8.0, anyio-4.13.0
collected 840 items

tests/unit/core/benchmark/test_bounded_semantic_repair.py ....           [  0%]
tests/unit/core/benchmark/test_execution_graph_v1.py ........            [  1%]
tests/unit/core/benchmark/test_hotpotqa_official.py .........            [  2%]
tests/unit/core/benchmark/test_memory_evolution_runtime_artifacts.py ... [  2%]
.................................                                        [  6%]
tests/unit/core/benchmark/test_memory_evolution_runtime_execution_state.py . [  6%]
.........                                                                [  7%]
tests/unit/core/benchmark/test_memory_evolution_runtime_graph_items.py . [  8%]
.                                                                        [  8%]
tests/unit/core/benchmark/test_memory_evolution_runtime_semantic_comparison.py . [  8%]
........                                                                 [  9%]
tests/unit/core/benchmark/test_memory_evolution_semantic_pipeline.py ... [  9%]
......                                                                   [ 10%]
tests/unit/core/benchmark/test_memory_evolution_sim_decisions.py .....   [ 10%]
tests/unit/core/benchmark/test_memory_evolution_sim_entity_channels.py . [ 11%]
...........                                                              [ 12%]
tests/unit/core/benchmark/test_reproducibility.py ...................... [ 15%]
.                                                                        [ 15%]
tests/unit/core/semantic_ingestion/test_bootstrap_graph_atomic_member_native_codec.py . [ 15%]
....                                                                     [ 15%]
tests/unit/core/semantic_ingestion/test_bootstrap_graph_v3_fixture.py .. [ 15%]
..                                                                       [ 16%]
tests/unit/core/semantic_ingestion/test_event_replay.py ................ [ 18%]
..................................................                       [ 24%]
tests/unit/core/semantic_ingestion/test_normalized_proposal_adapter.py . [ 24%]
..............................                                           [ 27%]
tests/unit/core/semantic_ingestion/test_prompt_catalog_contracts.py .... [ 28%]
...                                                                      [ 28%]
tests/unit/core/semantic_ingestion/test_semantic_operation_lease.py .... [ 29%]
..                                                                       [ 29%]
tests/unit/core/semantic_ingestion/test_semantic_proposal_contract_vector.py . [ 29%]
...........................                                              [ 32%]
tests/unit/core/semantic_ingestion/test_semantic_provider_composition.py . [ 32%]
...................................                                      [ 36%]
tests/unit/core/semantic_ingestion/test_slice_b_policy_authorities.py .. [ 37%]
...............................................                          [ 42%]
tests/unit/core/semantic_ingestion/test_source_analysis_contracts.py ... [ 43%]
                                                                         [ 43%]
tests/unit/core/test_belief_direction_judge.py ...                       [ 43%]
tests/unit/core/test_composite_conflict_listing.py .................     [ 45%]
tests/unit/core/test_composite_conflict_listing_repository.py .......... [ 46%]
..........                                                               [ 47%]
tests/unit/core/test_graph_constraint_resolution.py ...........          [ 49%]
tests/unit/core/test_grounding_pipeline.py ............................. [ 52%]
                                                                         [ 52%]
tests/unit/core/test_jsonl_state_stores.py ..........                    [ 53%]
tests/unit/core/test_jury_integration.py .                               [ 53%]
tests/unit/core/test_llm_decision_runtime_factory.py ...                 [ 54%]
tests/unit/core/test_llm_judge_framework.py ................             [ 56%]
tests/unit/core/test_llm_trace_builder.py ...                            [ 56%]
tests/unit/core/test_memory_evolution_graph.py ...............           [ 58%]
tests/unit/core/test_memory_evolution_primitives.py .................... [ 60%]
........................................................................ [ 69%]
......                                                                   [ 70%]
tests/unit/core/test_memory_plane_convergence.py ......                  [ 70%]
tests/unit/core/test_offline_judge_runner.py ...................         [ 72%]
tests/unit/core/test_prompt_contracts.py ............................... [ 76%]
.............................................s.......................... [ 85%]
................................                                         [ 89%]
tests/unit/core/test_provider_factory.py ................                [ 90%]
tests/unit/core/test_retrieval_planner.py ......                         [ 91%]
tests/unit/core/test_work_state_selector.py ..                           [ 91%]
tests/unit/stores/test_execution_graph_store.py .                        [ 92%]
tests/unit/test_store_interfaces.py ......                               [ 92%]
tests/unit/tools/test_run_benchmark_retrieval.py ....                    [ 93%]
tests/unit/tools/test_run_benchmark_sim_live.py ..                       [ 93%]
tests/unit/tools/test_semantic_ingestion_acceptance_watermark_store.py . [ 93%]
...............                                                          [ 95%]
tests/unit/tools/test_semantic_ingestion_structural_ledger.py .......... [ 96%]
.                                                                        [ 96%]
tests/unit/tools/test_static_tooling_config.py ..................        [ 98%]
tests/unit/tools/test_test_shards.py ..........                          [100%]

================== 839 passed, 1 skipped in 857.81s (0:14:17) ==================
{"collected": 3550, "counts": [17, 533, 840, 697, 858, 605], "default_duration": 0.009, "estimated_seconds": [601.629, 583.978, 583.977, 583.977, 583.978, 583.977], "measured": 3485, "target_seconds": 720.0}
